node.exe : npm error Missing script: "build"
At line:1 char:1
+ & "C:\Program Files\nodejs/node.exe" "C:\Program 
Files\nodejs/node_mo ...
+ ~~~~~~~~~~~~~~~~~~~~~~~~~~~~~~~~~~~~~~~~~~~~~~~~~~~~~~~~~~~~~~~~
~~~~~
    + CategoryInfo          : NotSpecified: (npm error Missing sc 
   ript: "build":String) [], RemoteException
    + FullyQualifiedErrorId : NativeCommandError
 
npm error
npm error To see a list of scripts, run:
npm error   npm run
npm error A complete log of this run can be found in: C:\Users\mus
ta\AppData\Local\npm-cache\_logs\2026-02-20T23_11_03_879Z-debug-0.
log
